############ CONTROL 1: JAPAN ONLY (all feats) ############
[load_data] windows considered=15231  dropped(coverage<70%)=0  dropped(nan feats)=0  kept=15231  stations={'KAK': 0, 'MMB': 1, 'KNY': 2}
Loaded 15231 windows, 2099 positive (13.8% base rate), 7 features.

======================================================================
GEOMAGNETIC EARTHQUAKE-PRECURSOR FEASIBILITY REPORT
======================================================================
Config: M>=5.0, R<=200.0km, lead=7d, base_rate=6.0%
(Synthetic ground-truth effect size = 0.35 sigma; set 0 to test the null.)

TEST 1  Feature separation (in-sample, necessary not sufficient)
  6/7 features separate at p<0.05.
    ZH_polarization    delta=+0.185  p=2.21e-42
    ULF_power          delta=+0.141  p=2.26e-25
    Z_var              delta=+0.097  p=8.09e-13
    Z_mean             delta=-0.056  p=4.08e-05
    H_mean             delta=-0.053  p=1.02e-04
    H_var              delta=-0.029  p=3.43e-02
    var_ratio_7v20     delta=-0.000  p=9.71e-01

TEST 2  Storm confounder (the make-or-break check)
  Signal survives de-storming: True
  -> If False, the 'precursor' is largely global magnetic storms,
     not earthquake physics. This is the #1 false-positive trap.

TEST 3  Out-of-sample skill (time-ordered 70/30 split)
  Always-'no' accuracy baseline: 0.897  <-- beating THIS
     with accuracy is trivial and meaningless.
  logreg  AUC=0.657  recall=0.00  FAR=0.00  precision=0.11  MCC=+0.001
  gbdt    AUC=0.547  recall=0.17  FAR=0.20  precision=0.09  MCC=-0.024

TEST 4  Molchanov prediction gain
  operating tau=0.40  nu=0.38  gain=1.56x
  (gain=1 is random; >1 means better than chance at that operating pt)

----------------------------------------------------------------------
VERDICT
  NO-GO (so far): with simple features under honest validation, the
  signal is absent, vanishes after de-storming, or has no skill above
  the trivial baseline. A deep net is unlikely to manufacture signal
  that simple separable features can't even hint at. Revisit the
  labeling rules, station selection, magnitude/radius, or accept that
  short-term prediction may not be achievable from this data.
  Best OOS AUC=0.657, MCC=+0.001.
----------------------------------------------------------------------

Figures + report written to ./out/

############ CONTROL 2: CALIFORNIA ONLY (all feats) ############
[load_data] windows considered=20308  dropped(coverage<70%)=141  dropped(nan feats)=6  kept=20161  stations={'FRN': 0, 'TUC': 1, 'BOU': 2, 'NEW': 3}
Loaded 20161 windows, 69 positive (0.3% base rate), 7 features.

======================================================================
GEOMAGNETIC EARTHQUAKE-PRECURSOR FEASIBILITY REPORT
======================================================================
Config: M>=5.0, R<=200.0km, lead=7d, base_rate=6.0%
(Synthetic ground-truth effect size = 0.35 sigma; set 0 to test the null.)

TEST 1  Feature separation (in-sample, necessary not sufficient)
  6/7 features separate at p<0.05.
    H_var              delta=-0.407  p=5.26e-09
    Z_mean             delta=-0.345  p=7.28e-07
    H_mean             delta=+0.249  p=3.43e-04
    ULF_power          delta=-0.225  p=1.26e-03
    ZH_polarization    delta=+0.178  p=1.07e-02
    var_ratio_7v20     delta=+0.146  p=3.66e-02
    Z_var              delta=-0.129  p=6.39e-02

TEST 2  Storm confounder (the make-or-break check)
  Signal survives de-storming: True
  -> If False, the 'precursor' is largely global magnetic storms,
     not earthquake physics. This is the #1 false-positive trap.

TEST 3  Out-of-sample skill (time-ordered 70/30 split)
  Always-'no' accuracy baseline: 0.993  <-- beating THIS
     with accuracy is trivial and meaningless.
  logreg  AUC=0.673  recall=0.44  FAR=0.36  precision=0.01  MCC=+0.013
  gbdt    AUC=0.733  recall=0.07  FAR=0.01  precision=0.04  MCC=+0.043

TEST 4  Molchanov prediction gain
  operating tau=0.43  nu=0.00  gain=2.35x
  (gain=1 is random; >1 means better than chance at that operating pt)

----------------------------------------------------------------------
VERDICT
  NO-GO (so far): with simple features under honest validation, the
  signal is absent, vanishes after de-storming, or has no skill above
  the trivial baseline. A deep net is unlikely to manufacture signal
  that simple separable features can't even hint at. Revisit the
  labeling rules, station selection, magnitude/radius, or accept that
  short-term prediction may not be achievable from this data.
  Best OOS AUC=0.733, MCC=+0.043.
----------------------------------------------------------------------

Figures + report written to ./out/

############ CONTROL 3: POOLED minus H_mean,Z_mean ############
[load_data] windows considered=35539  dropped(coverage<70%)=141  dropped(nan feats)=6  kept=35392  stations={'FRN': 0, 'TUC': 1, 'BOU': 2, 'NEW': 3, 'KAK': 4, 'MMB': 5, 'KNY': 6}
Loaded 35392 windows, 2168 positive (6.1% base rate), 5 features.

======================================================================
GEOMAGNETIC EARTHQUAKE-PRECURSOR FEASIBILITY REPORT
======================================================================
Config: M>=5.0, R<=200.0km, lead=7d, base_rate=6.0%
(Synthetic ground-truth effect size = 0.35 sigma; set 0 to test the null.)

TEST 1  Feature separation (in-sample, necessary not sufficient)
  3/5 features separate at p<0.05.
    ZH_polarization    delta=+0.288  p=8.34e-112
    ULF_power          delta=+0.234  p=1.29e-74
    Z_var              delta=-0.104  p=3.39e-16
    var_ratio_7v20     delta=+0.018  p=1.71e-01
    H_var              delta=+0.000  p=9.79e-01

TEST 2  Storm confounder (the make-or-break check)
  Signal survives de-storming: True
  -> If False, the 'precursor' is largely global magnetic storms,
     not earthquake physics. This is the #1 false-positive trap.

TEST 3  Out-of-sample skill (time-ordered 70/30 split)
  Always-'no' accuracy baseline: 0.951  <-- beating THIS
     with accuracy is trivial and meaningless.
  logreg  AUC=0.787  recall=0.66  FAR=0.22  precision=0.13  MCC=+0.216
  gbdt    AUC=0.766  recall=0.35  FAR=0.11  precision=0.14  MCC=+0.156

TEST 4  Molchanov prediction gain
  operating tau=0.37  nu=0.20  gain=2.15x
  (gain=1 is random; >1 means better than chance at that operating pt)

----------------------------------------------------------------------
VERDICT
  GO (conditional): out-of-sample AUC and MCC exceed noise AND the
  signal survives the storm confounder. There is enough real signal
  to justify building the CNN/GNN/Transformer, which may extract more.
  Best OOS AUC=0.787, MCC=+0.216.
----------------------------------------------------------------------

Figures + report written to ./out/
